#
# There is insufficient memory for the Java Runtime Environment to continue.
# Native memory allocation (mmap) failed to map 130023424 bytes. Error detail: G1 virtual space
# Possible reasons:
#   The system is out of physical RAM or swap space
#   This process is running with CompressedOops enabled, and the Java Heap may be blocking the growth of the native heap
# Possible solutions:
#   Reduce memory load on the system
#   Increase physical memory or swap space
#   Check if swap backing store is full
#   Decrease Java heap size (-Xmx/-Xms)
#   Decrease number of Java threads
#   Decrease Java thread stack sizes (-Xss)
#   Set larger code cache with -XX:ReservedCodeCacheSize=
#   JVM is running with Unscaled Compressed Oops mode in which the Java heap is
#     placed in the first 4GB address space. The Java Heap base address is the
#     maximum limit for the native heap growth. Please use -XX:HeapBaseMinAddress
#     to set the Java Heap base and to place the Java Heap above 4GB virtual address.
# This output file may be truncated or incomplete.
#
#  Out of Memory Error (os_windows.cpp:3925), pid=23092, tid=13496
#
# JRE version:  (21.0.9) (build )
# Java VM: OpenJDK 64-Bit Server VM (21.0.9+-14649483-b1163.86, mixed mode, sharing, tiered, compressed oops, compressed class ptrs, g1 gc, windows-amd64)
# No core dump will be written. Minidumps are not enabled by default on client versions of Windows
#

---------------  S U M M A R Y ------------

Command Line: org.jetbrains.kotlin.cli.jvm.K2JVMCompiler @C:\Users\erick\AndroidStudioProjects\WearableSeguridad\app\build\20260509_15845090305839156303.compiler.options

Host: 12th Gen Intel(R) Core(TM) i5-1235U, 12 cores, 7G,  Windows 11 , 64 bit Build 26100 (10.0.26100.8328)
Time: Sat May  9 16:51:06 2026 Hora estándar, América Central elapsed time: 2.024988 seconds (0d 0h 0m 2s)

---------------  T H R E A D  ---------------

Current thread (0x00000138e32e97e0):  JavaThread "Unknown thread" [_thread_in_vm, id=13496, stack(0x00000007c9b00000,0x00000007c9c00000) (1024K)]

Stack: [0x00000007c9b00000,0x00000007c9c00000]
Native frames: (J=compiled Java code, j=interpreted, Vv=VM code, C=native code)
V  [jvm.dll+0x6d6c99]
V  [jvm.dll+0x866b83]
V  [jvm.dll+0x86919e]
V  [jvm.dll+0x869883]
V  [jvm.dll+0x280776]
V  [jvm.dll+0x6d3555]
V  [jvm.dll+0x6c6bea]
V  [jvm.dll+0x3587fb]
V  [jvm.dll+0x360476]
V  [jvm.dll+0x3b2646]
V  [jvm.dll+0x3b2918]
V  [jvm.dll+0x32af0c]
V  [jvm.dll+0x32bbfb]
V  [jvm.dll+0x82e839]
V  [jvm.dll+0x3bf818]
V  [jvm.dll+0x8179d8]
V  [jvm.dll+0x453cbe]
V  [jvm.dll+0x455421]
C  [jli.dll+0x52ab]
C  [ucrtbase.dll+0x37b0]
C  [KERNEL32.DLL+0x2e957]
C  [ntdll.dll+0x427c]


---------------  P R O C E S S  ---------------

Threads class SMR info:
_java_thread_list=0x00007ffe3dafb988, length=0, elements={
}

Java Threads: ( => current thread )
Total: 0

Other Threads:
  0x00000138e333cfd0 WorkerThread "GC Thread#0"                     [id=26136, stack(0x00000007c9c00000,0x00000007c9d00000) (1024K)]
  0x00000138e336aee0 ConcurrentGCThread "G1 Main Marker"            [id=2820, stack(0x00000007c9d00000,0x00000007c9e00000) (1024K)]
  0x00000138e336cc90 WorkerThread "G1 Conc#0"                       [id=11472, stack(0x00000007c9e00000,0x00000007c9f00000) (1024K)]

[error occurred during error reporting (printing all threads), id 0xc0000005, EXCEPTION_ACCESS_VIOLATION (0xc0000005) at pc=0x00007ffe3d2edee7]
VM state: not at safepoint (not fully initialized)

VM Mutex/Monitor currently owned by a thread:  ([mutex/lock_event])
[0x00007ffe3db68790] Heap_lock - owner thread: 0x00000138e32e97e0

Heap address: 0x0000000084c00000, size: 1972 MB, Compressed Oops mode: 32-bit

CDS archive(s) mapped at: [0x0000000000000000-0x0000000000000000-0x0000000000000000), size 0, SharedBaseAddress: 0x0000000800000000, ArchiveRelocationMode: 1.
Narrow klass base: 0x0000000000000000, Narrow klass shift: 0, Narrow klass range: 0x0

GC Precious Log:
 CardTable entry size: 512
 Card Set container configuration: InlinePtr #cards 5 size 8 Array Of Cards #cards 12 size 40 Howl #buckets 4 coarsen threshold 1843 Howl Bitmap #cards 512 size 80 coarsen threshold 460 Card regions per heap region 1 cards per card region 2048

Heap:
 garbage-first heap   total 0K, used 0K [0x0000000084c00000, 0x0000000100000000)
  region size 1024K, 0 young (0K), 0 survivors (0K)
 Metaspace       used 0K, committed 0K, reserved 0K
  class space    used 0K, committed 0K, reserved 0K

Heap Regions: E=young(eden), S=young(survivor), O=old, HS=humongous(starts), HC=humongous(continues), CS=collection set, F=free, TAMS=top-at-mark-start, PB=parsable bottom

Card table byte_map: [0x00000138f5d80000,0x00000138f6160000] _byte_map_base: 0x00000138f595a000

Marking Bits: (CMBitMap*) 0x00000138e333d6d0
 Bits: [0x00000138f6160000, 0x00000138f8030000)

GC Heap History (0 events):
No events

Dll operation events (1 events):
Event: 0.007 Loaded shared library C:\Program Files\Android\Android Studio\jbr\bin\java.dll

Deoptimization events (0 events):
No events

Classes loaded (0 events):
No events

Classes unloaded (0 events):
No events

Classes redefined (0 events):
No events

Internal exceptions (0 events):
No events

ZGC Phase Switch (0 events):
No events

VM Operations (0 events):
No events

Memory protections (0 events):
No events

Nmethod flushes (0 events):
No events

Events (0 events):
No events


Dynamic libraries:
0x00007ff7247e0000 - 0x00007ff7247ea000 	C:\Program Files\Android\Android Studio\jbr\bin\java.exe
0x00007ffecce80000 - 0x00007ffecd0e7000 	C:\WINDOWS\SYSTEM32\ntdll.dll
0x00007ffecbf90000 - 0x00007ffecc059000 	C:\WINDOWS\System32\KERNEL32.DLL
0x00007ffec9b30000 - 0x00007ffec9f27000 	C:\WINDOWS\System32\KERNELBASE.dll
0x00007ffec99e0000 - 0x00007ffec9b2b000 	C:\WINDOWS\System32\ucrtbase.dll
0x00007ffebcd90000 - 0x00007ffebcdab000 	C:\Program Files\Android\Android Studio\jbr\bin\VCRUNTIME140.dll
0x00007ffe9c2c0000 - 0x00007ffe9c2d8000 	C:\Program Files\Android\Android Studio\jbr\bin\jli.dll
0x00007ffeccba0000 - 0x00007ffeccd66000 	C:\WINDOWS\System32\USER32.dll
0x00007ffeca830000 - 0x00007ffeca857000 	C:\WINDOWS\System32\win32u.dll
0x00007ffeccaf0000 - 0x00007ffeccb1b000 	C:\WINDOWS\System32\GDI32.dll
0x00007ffec98b0000 - 0x00007ffec99dc000 	C:\WINDOWS\System32\gdi32full.dll
0x00007ffecab50000 - 0x00007ffecabf3000 	C:\WINDOWS\System32\msvcp_win.dll
0x00007ffeb32c0000 - 0x00007ffeb3552000 	C:\WINDOWS\WinSxS\amd64_microsoft.windows.common-controls_6595b64144ccf1df_6.0.26100.8328_none_3e08182ce334b678\COMCTL32.dll
0x00007ffecc070000 - 0x00007ffecc119000 	C:\WINDOWS\System32\msvcrt.dll
0x00007ffecc230000 - 0x00007ffecc262000 	C:\WINDOWS\System32\IMM32.DLL
0x00007ffebead0000 - 0x00007ffebeadc000 	C:\Program Files\Android\Android Studio\jbr\bin\vcruntime140_1.dll
0x00007ffe66f80000 - 0x00007ffe6700d000 	C:\Program Files\Android\Android Studio\jbr\bin\msvcp140.dll
0x00007ffe3cfb0000 - 0x00007ffe3dc46000 	C:\Program Files\Android\Android Studio\jbr\bin\server\jvm.dll
0x00007ffecb8a0000 - 0x00007ffecb956000 	C:\WINDOWS\System32\ADVAPI32.dll
0x00007ffeccd70000 - 0x00007ffecce17000 	C:\WINDOWS\System32\sechost.dll
0x00007ffecbdb0000 - 0x00007ffecbec8000 	C:\WINDOWS\System32\RPCRT4.dll
0x00007ffecae30000 - 0x00007ffecaeb0000 	C:\WINDOWS\System32\WS2_32.dll
0x00007ffec9730000 - 0x00007ffec978e000 	C:\WINDOWS\SYSTEM32\POWRPROF.dll
0x00007ffebd0d0000 - 0x00007ffebd106000 	C:\WINDOWS\SYSTEM32\WINMM.dll
0x00007ffeb72e0000 - 0x00007ffeb72eb000 	C:\WINDOWS\SYSTEM32\VERSION.dll
0x00007ffec9710000 - 0x00007ffec9724000 	C:\WINDOWS\SYSTEM32\UMPDC.dll
0x00007ffec8610000 - 0x00007ffec862b000 	C:\WINDOWS\SYSTEM32\kernel.appcore.dll
0x00007ffebcf40000 - 0x00007ffebcf4a000 	C:\Program Files\Android\Android Studio\jbr\bin\jimage.dll
0x00007ffec7970000 - 0x00007ffec7bb2000 	C:\WINDOWS\SYSTEM32\DBGHELP.DLL
0x00007ffecb9b0000 - 0x00007ffecbd33000 	C:\WINDOWS\System32\combase.dll
0x00007ffecb7c0000 - 0x00007ffecb899000 	C:\WINDOWS\System32\OLEAUT32.dll
0x00007ffeb2b20000 - 0x00007ffeb2b5b000 	C:\WINDOWS\SYSTEM32\dbgcore.DLL
0x00007ffeca920000 - 0x00007ffeca9c8000 	C:\WINDOWS\System32\bcryptPrimitives.dll
0x00007ffea0400000 - 0x00007ffea0420000 	C:\Program Files\Android\Android Studio\jbr\bin\java.dll

JVMTI agents: none

dbghelp: loaded successfully - version: 4.0.5 - missing functions: none
symbol engine: initialized successfully - sym options: 0x614 - pdb path: .;C:\Program Files\Android\Android Studio\jbr\bin;C:\WINDOWS\SYSTEM32;C:\WINDOWS\WinSxS\amd64_microsoft.windows.common-controls_6595b64144ccf1df_6.0.26100.8328_none_3e08182ce334b678;C:\Program Files\Android\Android Studio\jbr\bin\server

VM Arguments:
java_command: org.jetbrains.kotlin.cli.jvm.K2JVMCompiler @C:\Users\erick\AndroidStudioProjects\WearableSeguridad\app\build\20260509_15845090305839156303.compiler.options
java_class_path (initial): C:\Users\erick\.gradle\caches\modules-2\files-2.1\org.jetbrains.kotlin\kotlin-compiler-embeddable\2.2.10\6882d39ef03b18879c1a5d2a83c2212361bed5fe\kotlin-compiler-embeddable-2.2.10.jar;C:\Users\erick\.gradle\caches\modules-2\files-2.1\org.jetbrains.kotlin\kotlin-stdlib\2.2.10\30de6faa127a4a012db8e71bf1b9c0a99b1402b2\kotlin-stdlib-2.2.10.jar;C:\Users\erick\.gradle\caches\modules-2\files-2.1\org.jetbrains.kotlin\kotlin-script-runtime\2.2.10\712f9bc08f378c13a4a00f0bbb28c76e59183e83\kotlin-script-runtime-2.2.10.jar;C:\Users\erick\.gradle\caches\modules-2\files-2.1\org.jetbrains.kotlin\kotlin-reflect\1.6.10\1cbe9c92c12a94eea200d23c2bbaedaf3daf5132\kotlin-reflect-1.6.10.jar;C:\Users\erick\.gradle\caches\modules-2\files-2.1\org.jetbrains.kotlin\kotlin-daemon-embeddable\2.2.10\212fd3c2c6e4e5d0f4db3c4191233e2b622380cc\kotlin-daemon-embeddable-2.2.10.jar;C:\Users\erick\.gradle\caches\modules-2\files-2.1\org.jetbrains.kotlinx\kotlinx-coroutines-core-jvm\1.8.0\ac1dc37a30a93150b704022f8d895ee1bd3a36b3\kotlinx-coroutines-core-jvm-1.8.0.jar;C:\Users\erick\.gradle\caches\modules-2\files-2.1\org.jetbrains\annotations\13.0\919f0dfe192fb4e063e7dacadee7f8bb9a2672a9\annotations-13.0.jar
Launcher Type: SUN_STANDARD

[Global flags]
     intx CICompilerCount                          = 4                                         {product} {ergonomic}
     uint ConcGCThreads                            = 3                                         {product} {ergonomic}
     uint G1ConcRefinementThreads                  = 10                                        {product} {ergonomic}
   size_t G1HeapRegionSize                         = 1048576                                   {product} {ergonomic}
    uintx GCDrainStackTargetSize                   = 64                                        {product} {ergonomic}
   size_t InitialHeapSize                          = 130023424                                 {product} {ergonomic}
   size_t MarkStackSize                            = 4194304                                   {product} {ergonomic}
   size_t MaxHeapSize                              = 2067791872                                {product} {ergonomic}
   size_t MinHeapDeltaBytes                        = 1048576                                   {product} {ergonomic}
   size_t MinHeapSize                              = 8388608                                   {product} {ergonomic}
    uintx NonNMethodCodeHeapSize                   = 5839372                                {pd product} {ergonomic}
    uintx NonProfiledCodeHeapSize                  = 122909434                              {pd product} {ergonomic}
    uintx ProfiledCodeHeapSize                     = 122909434                              {pd product} {ergonomic}
    uintx ReservedCodeCacheSize                    = 251658240                              {pd product} {ergonomic}
     bool SegmentedCodeCache                       = true                                      {product} {ergonomic}
   size_t SoftMaxHeapSize                          = 2067791872                             {manageable} {ergonomic}
     bool UseCompressedOops                        = true                           {product lp64_product} {ergonomic}
     bool UseG1GC                                  = true                                      {product} {ergonomic}
     bool UseLargePagesIndividualAllocation        = false                                  {pd product} {ergonomic}

Logging:
Log output configuration:
 #0: stdout all=warning uptime,level,tags foldmultilines=false
 #1: stderr all=off uptime,level,tags foldmultilines=false

Release file:
<release file has not been read>
Environment Variables:
PATH=C:\WINDOWS\system32;C:\WINDOWS;C:\WINDOWS\System32\Wbem;C:\WINDOWS\System32\WindowsPowerShell\v1.0\;C:\WINDOWS\System32\OpenSSH\;C:\Users\erick\AppData\Local\Programs\Python\Python314\Scripts\;C:\Users\erick\AppData\Local\Programs\Python\Python314\;C:\Users\erick\AppData\Local\Microsoft\WindowsApps;;C:\Users\erick\AppData\Local\spicetify;C:\Users\erick\AppData\Local\Programs\Microsoft VS Code\bin
USERNAME=erick
OS=Windows_NT
PROCESSOR_IDENTIFIER=Intel64 Family 6 Model 154 Stepping 4, GenuineIntel
TMP=C:\Users\erick\AppData\Local\Temp
TEMP=C:\Users\erick\AppData\Local\Temp




Periodic native trim disabled

JNI global refs:
JNI global refs: 0, weak refs: 0

JNI global refs memory usage: 0, weak refs: 0

Process memory usage:
Resident Set Size: 13096K (0% of 8074800K total physical memory with 589612K free physical memory)

OOME stack traces (most recent first):
Classloader memory used:

---------------  S Y S T E M  ---------------

OS:
 Windows 11 , 64 bit Build 26100 (10.0.26100.8328)
OS uptime: 2 days 4:10 hours
Hyper-V role detected

CPU: total 12 (initial active 12) (6 cores per cpu, 2 threads per core) family 6 model 154 stepping 4 microcode 0x434, cx8, cmov, fxsr, ht, mmx, 3dnowpref, sse, sse2, sse3, ssse3, sse4.1, sse4.2, popcnt, lzcnt, tsc, tscinvbit, avx, avx2, aes, erms, clmul, bmi1, bmi2, adx, sha, fma, vzeroupper, clflush, clflushopt, clwb, hv, serialize, rdtscp, rdpid, fsrm, f16c, cet_ibt, cet_ss
Processor Information for processor 0
  Max Mhz: 1300, Current Mhz: 1300, Mhz Limit: 1300
Processor Information for processor 1
  Max Mhz: 1300, Current Mhz: 1300, Mhz Limit: 1300
Processor Information for processor 2
  Max Mhz: 1300, Current Mhz: 1300, Mhz Limit: 1300
Processor Information for processor 3
  Max Mhz: 1300, Current Mhz: 1300, Mhz Limit: 1300
Processor Information for processor 4
  Max Mhz: 1300, Current Mhz: 900, Mhz Limit: 897
Processor Information for processor 5
  Max Mhz: 1300, Current Mhz: 900, Mhz Limit: 897
Processor Information for processor 6
  Max Mhz: 1300, Current Mhz: 900, Mhz Limit: 897
Processor Information for processor 7
  Max Mhz: 1300, Current Mhz: 900, Mhz Limit: 897
Processor Information for processor 8
  Max Mhz: 1300, Current Mhz: 900, Mhz Limit: 897
Processor Information for processor 9
  Max Mhz: 1300, Current Mhz: 900, Mhz Limit: 897
Processor Information for processor 10
  Max Mhz: 1300, Current Mhz: 900, Mhz Limit: 897
Processor Information for processor 11
  Max Mhz: 1300, Current Mhz: 900, Mhz Limit: 897

Memory: 4k page, system-wide physical 7885M (575M free)
TotalPageFile size 16077M (AvailPageFile size 79M)
current process WorkingSet (physical memory assigned to process): 12M, peak: 12M
current process commit charge ("private bytes"): 64M, peak: 188M

vm_info: OpenJDK 64-Bit Server VM (21.0.9+-14649483-b1163.86) for windows-amd64 JRE (21.0.9+-14649483-b1163.86), built on 2025-12-30T22:08:35Z by "builder" with MS VC++ 16.10 / 16.11 (VS2019)

END.
