#
# There is insufficient memory for the Java Runtime Environment to continue.
# Native memory allocation (mmap) failed to map 9437184 bytes. Error detail: G1 virtual space
# Possible reasons:
#   The system is out of physical RAM or swap space
#   This process is running with CompressedOops enabled, and the Java Heap may be blocking the growth of the native heap
# Possible solutions:
#   Reduce memory load on the system
#   Increase physical memory or swap space
#   Check if swap backing store is full
#   Decrease Java heap size (-Xmx/-Xms)
#   Decrease number of Java threads
#   Decrease Java thread stack sizes (-Xss)
#   Set larger code cache with -XX:ReservedCodeCacheSize=
#   JVM is running with Unscaled Compressed Oops mode in which the Java heap is
#     placed in the first 4GB address space. The Java Heap base address is the
#     maximum limit for the native heap growth. Please use -XX:HeapBaseMinAddress
#     to set the Java Heap base and to place the Java Heap above 4GB virtual address.
# This output file may be truncated or incomplete.
#
#  Out of Memory Error (os_windows.cpp:3925), pid=4488, tid=25664
#
# JRE version: OpenJDK Runtime Environment (21.0.9) (build 21.0.9+-14649483-b1163.86)
# Java VM: OpenJDK 64-Bit Server VM (21.0.9+-14649483-b1163.86, mixed mode, tiered, compressed oops, compressed class ptrs, g1 gc, windows-amd64)
# No core dump will be written. Minidumps are not enabled by default on client versions of Windows
#

---------------  S U M M A R Y ------------

Command Line: org.jetbrains.kotlin.cli.jvm.K2JVMCompiler @C:\Users\erick\AndroidStudioProjects\WearableSeguridad\app\build\20260509_16665466060441998206.compiler.options

Host: 12th Gen Intel(R) Core(TM) i5-1235U, 12 cores, 7G,  Windows 11 , 64 bit Build 26100 (10.0.26100.8328)
Time: Sat May  9 16:55:59 2026 Hora estándar, América Central elapsed time: 11.160780 seconds (0d 0h 0m 11s)

---------------  T H R E A D  ---------------

Current thread (0x000001caffda81d0):  VMThread "VM Thread"          [id=25664, stack(0x0000005065000000,0x0000005065100000) (1024K)]

Stack: [0x0000005065000000,0x0000005065100000]
Native frames: (J=compiled Java code, j=interpreted, Vv=VM code, C=native code)
V  [jvm.dll+0x6d6c99]
V  [jvm.dll+0x866b83]
V  [jvm.dll+0x86919e]
V  [jvm.dll+0x869883]
V  [jvm.dll+0x280776]
V  [jvm.dll+0x6d3555]
V  [jvm.dll+0x6c6bea]
V  [jvm.dll+0x3587fb]
V  [jvm.dll+0x360476]
V  [jvm.dll+0x3b2646]
V  [jvm.dll+0x3b2918]
V  [jvm.dll+0x32af0c]
V  [jvm.dll+0x32d916]
V  [jvm.dll+0x3377ed]
V  [jvm.dll+0x36ef55]
V  [jvm.dll+0x86f608]
V  [jvm.dll+0x870984]
V  [jvm.dll+0x870ec0]
V  [jvm.dll+0x871153]
V  [jvm.dll+0x80f118]
V  [jvm.dll+0x6d54ed]
C  [ucrtbase.dll+0x37b0]
C  [KERNEL32.DLL+0x2e957]
C  [ntdll.dll+0x427c]

VM_Operation (0x0000005064bff720): G1PauseRemark, mode: safepoint, requested by thread 0x000001cafe39ac80


---------------  P R O C E S S  ---------------

Threads class SMR info:
_java_thread_list=0x000001caa1203110, length=12, elements={
0x000001cafe334040, 0x000001ca9a0420e0, 0x000001ca9a065980, 0x000001ca9a0663e0,
0x000001ca9a0848e0, 0x000001ca9a067820, 0x000001ca9a08e170, 0x000001ca9a096fe0,
0x000001ca9a0a9d90, 0x000001ca9a0afd40, 0x000001ca9a2424f0, 0x000001caa0dd04a0
}

Java Threads: ( => current thread )
  0x000001cafe334040 JavaThread "main"                              [_thread_blocked, id=23388, stack(0x0000005064900000,0x0000005064a00000) (1024K)]
  0x000001ca9a0420e0 JavaThread "Common-Cleaner"             daemon [_thread_blocked, id=24196, stack(0x0000005065100000,0x0000005065200000) (1024K)]
  0x000001ca9a065980 JavaThread "Reference Handler"          daemon [_thread_blocked, id=17692, stack(0x0000005065200000,0x0000005065300000) (1024K)]
  0x000001ca9a0663e0 JavaThread "Finalizer"                  daemon [_thread_blocked, id=14168, stack(0x0000005065300000,0x0000005065400000) (1024K)]
  0x000001ca9a0848e0 JavaThread "Signal Dispatcher"          daemon [_thread_blocked, id=7604, stack(0x0000005065400000,0x0000005065500000) (1024K)]
  0x000001ca9a067820 JavaThread "Attach Listener"            daemon [_thread_blocked, id=19820, stack(0x0000005065500000,0x0000005065600000) (1024K)]
  0x000001ca9a08e170 JavaThread "Service Thread"             daemon [_thread_blocked, id=24188, stack(0x0000005065600000,0x0000005065700000) (1024K)]
  0x000001ca9a096fe0 JavaThread "Monitor Deflation Thread"   daemon [_thread_blocked, id=6184, stack(0x0000005065700000,0x0000005065800000) (1024K)]
  0x000001ca9a0a9d90 JavaThread "C2 CompilerThread0"         daemon [_thread_blocked, id=11792, stack(0x0000005065800000,0x0000005065900000) (1024K)]
  0x000001ca9a0afd40 JavaThread "C1 CompilerThread0"         daemon [_thread_blocked, id=20788, stack(0x0000005065900000,0x0000005065a00000) (1024K)]
  0x000001ca9a2424f0 JavaThread "Notification Thread"        daemon [_thread_blocked, id=14820, stack(0x0000005065a00000,0x0000005065b00000) (1024K)]
  0x000001caa0dd04a0 JavaThread "C2 CompilerThread1"         daemon [_thread_blocked, id=20048, stack(0x0000005066600000,0x0000005066700000) (1024K)]
Total: 12

Other Threads:
=>0x000001caffda81d0 VMThread "VM Thread"                           [id=25664, stack(0x0000005065000000,0x0000005065100000) (1024K)]
  0x000001caffd301e0 WatcherThread "VM Periodic Task Thread"        [id=25244, stack(0x0000005064f00000,0x0000005065000000) (1024K)]
  0x000001cafe389e10 WorkerThread "GC Thread#0"                     [id=7808, stack(0x0000005064a00000,0x0000005064b00000) (1024K)]
  0x000001ca9a997300 WorkerThread "GC Thread#1"                     [id=9412, stack(0x0000005065b00000,0x0000005065c00000) (1024K)]
  0x000001ca9a99e8a0 WorkerThread "GC Thread#2"                     [id=26620, stack(0x0000005065c00000,0x0000005065d00000) (1024K)]
  0x000001ca9a9a3840 WorkerThread "GC Thread#3"                     [id=12316, stack(0x0000005065d00000,0x0000005065e00000) (1024K)]
  0x000001ca9a9a3be0 WorkerThread "GC Thread#4"                     [id=22372, stack(0x0000005065e00000,0x0000005065f00000) (1024K)]
  0x000001ca9a995990 WorkerThread "GC Thread#5"                     [id=9392, stack(0x0000005065f00000,0x0000005066000000) (1024K)]
  0x000001ca9aafdac0 WorkerThread "GC Thread#6"                     [id=24228, stack(0x0000005066000000,0x0000005066100000) (1024K)]
  0x000001ca9aafe200 WorkerThread "GC Thread#7"                     [id=24764, stack(0x0000005066100000,0x0000005066200000) (1024K)]
  0x000001ca9b276ed0 WorkerThread "GC Thread#8"                     [id=440, stack(0x0000005066400000,0x0000005066500000) (1024K)]
  0x000001ca9b278bd0 WorkerThread "GC Thread#9"                     [id=7392, stack(0x0000005066500000,0x0000005066600000) (1024K)]
  0x000001cafe39ac80 ConcurrentGCThread "G1 Main Marker"            [id=20740, stack(0x0000005064b00000,0x0000005064c00000) (1024K)]
  0x000001cafe39d470 WorkerThread "G1 Conc#0"                       [id=12900, stack(0x0000005064c00000,0x0000005064d00000) (1024K)]
  0x000001ca9aafe5a0 WorkerThread "G1 Conc#1"                       [id=23376, stack(0x0000005066200000,0x0000005066300000) (1024K)]
  0x000001ca9aafcc40 WorkerThread "G1 Conc#2"                       [id=1808, stack(0x0000005066300000,0x0000005066400000) (1024K)]
  0x000001caffc02580 ConcurrentGCThread "G1 Refine#0"               [id=25700, stack(0x0000005064d00000,0x0000005064e00000) (1024K)]
  0x000001caffc02da0 ConcurrentGCThread "G1 Service"                [id=20676, stack(0x0000005064e00000,0x0000005064f00000) (1024K)]
Total: 18

Threads with active compile tasks:
C2 CompilerThread0  11210 6546  s    4       java.util.jar.JarFile::getInputStream (88 bytes)
C1 CompilerThread0  11210 6581       3       org.jetbrains.kotlin.fir.analysis.checkers.context.CheckerContext::getLanguageVersionSettings (8 bytes)
C2 CompilerThread1  11210 6522   !   4       jdk.internal.loader.BuiltinClassLoader::findClassOnClassPathOrNull (134 bytes)
Total: 3

VM state: at safepoint (normal execution)

VM Mutex/Monitor currently owned by a thread:  ([mutex/lock_event])
[0x00007ffe3db68690] Threads_lock - owner thread: 0x000001caffda81d0
[0x00007ffe3db68790] Heap_lock - owner thread: 0x000001cafe39ac80

Heap address: 0x0000000084c00000, size: 1972 MB, Compressed Oops mode: 32-bit

CDS archive(s) not mapped
Compressed class space mapped at: 0x0000000100000000-0x0000000140000000, reserved size: 1073741824
Narrow klass base: 0x0000000000000000, Narrow klass shift: 3, Narrow klass range: 0x140000000

GC Precious Log:
 CardTable entry size: 512
 Card Set container configuration: InlinePtr #cards 5 size 8 Array Of Cards #cards 12 size 40 Howl #buckets 4 coarsen threshold 1843 Howl Bitmap #cards 512 size 80 coarsen threshold 460 Card regions per heap region 1 cards per card region 2048
 CPUs: 12 total, 12 available
 Memory: 7885M
 Large Page Support: Disabled
 NUMA Support: Disabled
 Compressed Oops: Enabled (32-bit)
 Heap Region Size: 1M
 Heap Min Capacity: 8M
 Heap Initial Capacity: 124M
 Heap Max Capacity: 1972M
 Pre-touch: Disabled
 Parallel Workers: 10
 Concurrent Workers: 3
 Concurrent Refinement Workers: 10
 Periodic GC: Disabled

Heap:
 garbage-first heap   total 87040K, used 56849K [0x0000000084c00000, 0x0000000100000000)
  region size 1024K, 4 young (4096K), 3 survivors (3072K)
 Metaspace       used 60405K, committed 60736K, reserved 1114112K
  class space    used 6979K, committed 7168K, reserved 1048576K

Heap Regions: E=young(eden), S=young(survivor), O=old, HS=humongous(starts), HC=humongous(continues), CS=collection set, F=free, TAMS=top-at-mark-start, PB=parsable bottom
|   0|0x0000000084c00000, 0x0000000084d00000, 0x0000000084d00000|100%|HS|  |TAMS 0x0000000084d00000| PB 0x0000000084c00000| Complete 
|   1|0x0000000084d00000, 0x0000000084e00000, 0x0000000084e00000|100%|HC|  |TAMS 0x0000000084e00000| PB 0x0000000084d00000| Complete 
|   2|0x0000000084e00000, 0x0000000084f00000, 0x0000000084f00000|100%|HC|  |TAMS 0x0000000084f00000| PB 0x0000000084e00000| Complete 
|   3|0x0000000084f00000, 0x0000000085000000, 0x0000000085000000|100%| O|  |TAMS 0x0000000085000000| PB 0x0000000085000000| Untracked 
|   4|0x0000000085000000, 0x0000000085100000, 0x0000000085100000|100%| O|  |TAMS 0x0000000085100000| PB 0x0000000085100000| Untracked 
|   5|0x0000000085100000, 0x0000000085200000, 0x0000000085200000|100%| O|  |TAMS 0x0000000085200000| PB 0x0000000085200000| Untracked 
|   6|0x0000000085200000, 0x0000000085300000, 0x0000000085300000|100%| O|  |TAMS 0x0000000085300000| PB 0x0000000085300000| Untracked 
|   7|0x0000000085300000, 0x0000000085400000, 0x0000000085400000|100%| O|  |TAMS 0x0000000085400000| PB 0x0000000085400000| Untracked 
|   8|0x0000000085400000, 0x0000000085500000, 0x0000000085500000|100%| O|  |TAMS 0x0000000085500000| PB 0x0000000085500000| Untracked 
|   9|0x0000000085500000, 0x0000000085600000, 0x0000000085600000|100%| O|  |TAMS 0x0000000085600000| PB 0x0000000085600000| Untracked 
|  10|0x0000000085600000, 0x0000000085700000, 0x0000000085700000|100%| O|  |TAMS 0x0000000085700000| PB 0x0000000085700000| Untracked 
|  11|0x0000000085700000, 0x0000000085800000, 0x0000000085800000|100%| O|  |TAMS 0x0000000085800000| PB 0x0000000085800000| Untracked 
|  12|0x0000000085800000, 0x0000000085900000, 0x0000000085900000|100%| O|  |TAMS 0x0000000085900000| PB 0x0000000085900000| Updating 
|  13|0x0000000085900000, 0x0000000085a00000, 0x0000000085a00000|100%| O|  |TAMS 0x0000000085a00000| PB 0x0000000085a00000| Untracked 
|  14|0x0000000085a00000, 0x0000000085b00000, 0x0000000085b00000|100%| O|  |TAMS 0x0000000085b00000| PB 0x0000000085b00000| Untracked 
|  15|0x0000000085b00000, 0x0000000085c00000, 0x0000000085c00000|100%| O|  |TAMS 0x0000000085c00000| PB 0x0000000085c00000| Untracked 
|  16|0x0000000085c00000, 0x0000000085d00000, 0x0000000085d00000|100%| O|  |TAMS 0x0000000085d00000| PB 0x0000000085d00000| Untracked 
|  17|0x0000000085d00000, 0x0000000085e00000, 0x0000000085e00000|100%| O|  |TAMS 0x0000000085e00000| PB 0x0000000085e00000| Updating 
|  18|0x0000000085e00000, 0x0000000085f00000, 0x0000000085f00000|100%| O|  |TAMS 0x0000000085f00000| PB 0x0000000085f00000| Untracked 
|  19|0x0000000085f00000, 0x0000000086000000, 0x0000000086000000|100%| O|  |TAMS 0x0000000086000000| PB 0x0000000086000000| Untracked 
|  20|0x0000000086000000, 0x0000000086100000, 0x0000000086100000|100%| O|  |TAMS 0x0000000086100000| PB 0x0000000086100000| Updating 
|  21|0x0000000086100000, 0x0000000086200000, 0x0000000086200000|100%|HS|  |TAMS 0x0000000086200000| PB 0x0000000086100000| Complete 
|  22|0x0000000086200000, 0x0000000086300000, 0x0000000086300000|100%| O|  |TAMS 0x0000000086300000| PB 0x0000000086300000| Untracked 
|  23|0x0000000086300000, 0x0000000086400000, 0x0000000086400000|100%| O|  |TAMS 0x0000000086400000| PB 0x0000000086400000| Untracked 
|  24|0x0000000086400000, 0x0000000086500000, 0x0000000086500000|100%| O|  |TAMS 0x0000000086500000| PB 0x0000000086500000| Untracked 
|  25|0x0000000086500000, 0x0000000086600000, 0x0000000086600000|100%| O|  |TAMS 0x0000000086600000| PB 0x0000000086600000| Untracked 
|  26|0x0000000086600000, 0x0000000086700000, 0x0000000086700000|100%| O|  |TAMS 0x0000000086700000| PB 0x0000000086700000| Untracked 
|  27|0x0000000086700000, 0x0000000086800000, 0x0000000086800000|100%| O|  |TAMS 0x0000000086800000| PB 0x0000000086800000| Untracked 
|  28|0x0000000086800000, 0x0000000086900000, 0x0000000086900000|100%| O|  |TAMS 0x0000000086900000| PB 0x0000000086900000| Untracked 
|  29|0x0000000086900000, 0x0000000086a00000, 0x0000000086a00000|100%| O|  |TAMS 0x0000000086a00000| PB 0x0000000086a00000| Untracked 
|  30|0x0000000086a00000, 0x0000000086b00000, 0x0000000086b00000|100%| O|  |TAMS 0x0000000086b00000| PB 0x0000000086b00000| Updating 
|  31|0x0000000086b00000, 0x0000000086c00000, 0x0000000086c00000|100%| O|  |TAMS 0x0000000086c00000| PB 0x0000000086c00000| Updating 
|  32|0x0000000086c00000, 0x0000000086d00000, 0x0000000086d00000|100%| O|  |TAMS 0x0000000086d00000| PB 0x0000000086d00000| Updating 
|  33|0x0000000086d00000, 0x0000000086e00000, 0x0000000086e00000|100%| O|  |TAMS 0x0000000086e00000| PB 0x0000000086e00000| Untracked 
|  34|0x0000000086e00000, 0x0000000086f00000, 0x0000000086f00000|100%| O|  |TAMS 0x0000000086f00000| PB 0x0000000086f00000| Untracked 
|  35|0x0000000086f00000, 0x0000000087000000, 0x0000000087000000|100%| O|  |TAMS 0x0000000087000000| PB 0x0000000087000000| Untracked 
|  36|0x0000000087000000, 0x0000000087100000, 0x0000000087100000|100%| O|  |TAMS 0x0000000087100000| PB 0x0000000087100000| Updating 
|  37|0x0000000087100000, 0x0000000087200000, 0x0000000087200000|100%| O|  |TAMS 0x0000000087200000| PB 0x0000000087200000| Untracked 
|  38|0x0000000087200000, 0x0000000087300000, 0x0000000087300000|100%| O|  |TAMS 0x0000000087300000| PB 0x0000000087300000| Untracked 
|  39|0x0000000087300000, 0x0000000087400000, 0x0000000087400000|100%| O|  |TAMS 0x0000000087400000| PB 0x0000000087400000| Updating 
|  40|0x0000000087400000, 0x0000000087500000, 0x0000000087500000|100%| O|  |TAMS 0x0000000087500000| PB 0x0000000087500000| Untracked 
|  41|0x0000000087500000, 0x0000000087600000, 0x0000000087600000|100%| O|  |TAMS 0x0000000087600000| PB 0x0000000087600000| Untracked 
|  42|0x0000000087600000, 0x0000000087700000, 0x0000000087700000|100%| O|  |TAMS 0x0000000087700000| PB 0x0000000087700000| Untracked 
|  43|0x0000000087700000, 0x0000000087800000, 0x0000000087800000|100%| O|  |TAMS 0x0000000087800000| PB 0x0000000087800000| Updating 
|  44|0x0000000087800000, 0x0000000087900000, 0x0000000087900000|100%| O|  |TAMS 0x0000000087880000| PB 0x0000000087880000| Updating 
|  45|0x0000000087900000, 0x0000000087a00000, 0x0000000087a00000|100%| O|  |TAMS 0x0000000087900000| PB 0x0000000087900000| Untracked 
|  46|0x0000000087a00000, 0x0000000087b00000, 0x0000000087b00000|100%| O|  |TAMS 0x0000000087a00000| PB 0x0000000087a00000| Untracked 
|  47|0x0000000087b00000, 0x0000000087c00000, 0x0000000087c00000|100%| O|  |TAMS 0x0000000087b00000| PB 0x0000000087b00000| Untracked 
|  48|0x0000000087c00000, 0x0000000087cc1300, 0x0000000087d00000| 75%| O|  |TAMS 0x0000000087c00000| PB 0x0000000087c00000| Updating 
|  49|0x0000000087d00000, 0x0000000087d00000, 0x0000000087e00000|  0%| F|  |TAMS 0x0000000087d00000| PB 0x0000000087d00000| Untracked 
|  50|0x0000000087e00000, 0x0000000087e00000, 0x0000000087f00000|  0%| F|  |TAMS 0x0000000087e00000| PB 0x0000000087e00000| Untracked 
|  51|0x0000000087f00000, 0x0000000087f00000, 0x0000000088000000|  0%| F|  |TAMS 0x0000000087f00000| PB 0x0000000087f00000| Untracked 
|  52|0x0000000088000000, 0x0000000088000000, 0x0000000088100000|  0%| F|  |TAMS 0x0000000088000000| PB 0x0000000088000000| Untracked 
|  53|0x0000000088100000, 0x0000000088100000, 0x0000000088200000|  0%| F|  |TAMS 0x0000000088100000| PB 0x0000000088100000| Untracked 
|  54|0x0000000088200000, 0x0000000088200000, 0x0000000088300000|  0%| F|  |TAMS 0x0000000088200000| PB 0x0000000088200000| Untracked 
|  55|0x0000000088300000, 0x0000000088300000, 0x0000000088400000|  0%| F|  |TAMS 0x0000000088300000| PB 0x0000000088300000| Untracked 
|  56|0x0000000088400000, 0x0000000088400000, 0x0000000088500000|  0%| F|  |TAMS 0x0000000088400000| PB 0x0000000088400000| Untracked 
|  57|0x0000000088500000, 0x0000000088500000, 0x0000000088600000|  0%| F|  |TAMS 0x0000000088500000| PB 0x0000000088500000| Untracked 
|  58|0x0000000088600000, 0x0000000088600000, 0x0000000088700000|  0%| F|  |TAMS 0x0000000088600000| PB 0x0000000088600000| Untracked 
|  59|0x0000000088700000, 0x00000000887c3370, 0x0000000088800000| 76%| S|CS|TAMS 0x0000000088700000| PB 0x0000000088700000| Complete 
|  60|0x0000000088800000, 0x0000000088900000, 0x0000000088900000|100%| S|CS|TAMS 0x0000000088800000| PB 0x0000000088800000| Complete 
|  61|0x0000000088900000, 0x0000000088a00000, 0x0000000088a00000|100%| S|CS|TAMS 0x0000000088900000| PB 0x0000000088900000| Complete 
|  62|0x0000000088a00000, 0x0000000088a00000, 0x0000000088b00000|  0%| F|  |TAMS 0x0000000088a00000| PB 0x0000000088a00000| Untracked 
|  63|0x0000000088b00000, 0x0000000088b00000, 0x0000000088c00000|  0%| F|  |TAMS 0x0000000088b00000| PB 0x0000000088b00000| Untracked 
|  64|0x0000000088c00000, 0x0000000088c00000, 0x0000000088d00000|  0%| F|  |TAMS 0x0000000088c00000| PB 0x0000000088c00000| Untracked 
|  65|0x0000000088d00000, 0x0000000088d00000, 0x0000000088e00000|  0%| F|  |TAMS 0x0000000088d00000| PB 0x0000000088d00000| Untracked 
|  66|0x0000000088e00000, 0x0000000088e00000, 0x0000000088f00000|  0%| F|  |TAMS 0x0000000088e00000| PB 0x0000000088e00000| Untracked 
|  67|0x0000000088f00000, 0x0000000088f00000, 0x0000000089000000|  0%| F|  |TAMS 0x0000000088f00000| PB 0x0000000088f00000| Untracked 
|  68|0x0000000089000000, 0x0000000089000000, 0x0000000089100000|  0%| F|  |TAMS 0x0000000089000000| PB 0x0000000089000000| Untracked 
|  69|0x0000000089100000, 0x0000000089100000, 0x0000000089200000|  0%| F|  |TAMS 0x0000000089100000| PB 0x0000000089100000| Untracked 
|  70|0x0000000089200000, 0x0000000089200000, 0x0000000089300000|  0%| F|  |TAMS 0x0000000089200000| PB 0x0000000089200000| Untracked 
|  71|0x0000000089300000, 0x0000000089300000, 0x0000000089400000|  0%| F|  |TAMS 0x0000000089300000| PB 0x0000000089300000| Untracked 
|  72|0x0000000089400000, 0x0000000089400000, 0x0000000089500000|  0%| F|  |TAMS 0x0000000089400000| PB 0x0000000089400000| Untracked 
|  73|0x0000000089500000, 0x0000000089500000, 0x0000000089600000|  0%| F|  |TAMS 0x0000000089500000| PB 0x0000000089500000| Untracked 
|  74|0x0000000089600000, 0x0000000089600000, 0x0000000089700000|  0%| F|  |TAMS 0x0000000089600000| PB 0x0000000089600000| Untracked 
|  75|0x0000000089700000, 0x0000000089700000, 0x0000000089800000|  0%| F|  |TAMS 0x0000000089700000| PB 0x0000000089700000| Untracked 
|  76|0x0000000089800000, 0x0000000089800000, 0x0000000089900000|  0%| F|  |TAMS 0x0000000089800000| PB 0x0000000089800000| Untracked 
|  97|0x000000008ad00000, 0x000000008ad00000, 0x000000008ae00000|  0%| F|  |TAMS 0x000000008ad00000| PB 0x000000008ad00000| Untracked 
| 101|0x000000008b100000, 0x000000008b100000, 0x000000008b200000|  0%| F|  |TAMS 0x000000008b100000| PB 0x000000008b100000| Untracked 
| 123|0x000000008c700000, 0x000000008c700000, 0x000000008c800000|  0%| F|  |TAMS 0x000000008c700000| PB 0x000000008c700000| Untracked 
|1967|0x00000000ffb00000, 0x00000000ffbd8110, 0x00000000ffc00000| 84%| E|  |TAMS 0x00000000ffb00000| PB 0x00000000ffb00000| Complete 
|1968|0x00000000ffc00000, 0x00000000ffd00000, 0x00000000ffd00000|100%| O|  |TAMS 0x00000000ffd00000| PB 0x00000000ffd00000| Untracked 
|1969|0x00000000ffd00000, 0x00000000ffe00000, 0x00000000ffe00000|100%| O|  |TAMS 0x00000000ffe00000| PB 0x00000000ffe00000| Untracked 
|1970|0x00000000ffe00000, 0x00000000fff00000, 0x00000000fff00000|100%| O|  |TAMS 0x00000000fff00000| PB 0x00000000fff00000| Updating 
|1971|0x00000000fff00000, 0x0000000100000000, 0x0000000100000000|100%| O|  |TAMS 0x0000000100000000| PB 0x0000000100000000| Untracked 

Card table byte_map: [0x000001cafed30000,0x000001caff110000] _byte_map_base: 0x000001cafe90a000

Marking Bits: (CMBitMap*) 0x000001cafe38a510
 Bits: [0x000001ca920a0000, 0x000001ca93f70000)

Polling page: 0x000001cafc520000

Metaspace:

Usage:
  Non-class:     52.17 MB used.
      Class:      6.82 MB used.
       Both:     58.99 MB used.

Virtual space:
  Non-class space:       64.00 MB reserved,      52.31 MB ( 82%) committed,  1 nodes.
      Class space:        1.00 GB reserved,       7.00 MB ( <1%) committed,  1 nodes.
             Both:        1.06 GB reserved,      59.31 MB (  5%) committed. 

Chunk freelists:
   Non-Class:  10.89 MB
       Class:  8.98 MB
        Both:  19.88 MB

MaxMetaspaceSize: unlimited
CompressedClassSpaceSize: 1.00 GB
Initial GC threshold: 21.00 MB
Current GC threshold: 82.94 MB
CDS: off
 - commit_granule_bytes: 65536.
 - commit_granule_words: 8192.
 - virtual_space_node_default_size: 8388608.
 - enlarge_chunks_in_place: 1.
 - use_allocation_guard: 0.


Internal statistics:

num_allocs_failed_limit: 6.
num_arena_births: 292.
num_arena_deaths: 0.
num_vsnodes_births: 2.
num_vsnodes_deaths: 0.
num_space_committed: 949.
num_space_uncommitted: 0.
num_chunks_returned_to_freelist: 6.
num_chunks_taken_from_freelist: 2068.
num_chunk_merges: 6.
num_chunk_splits: 1731.
num_chunks_enlarged: 1556.
num_inconsistent_stats: 0.

CodeHeap 'non-profiled nmethods': size=120000Kb used=2814Kb max_used=2830Kb free=117185Kb
 bounds [0x000001ca8ab70000, 0x000001ca8ae40000, 0x000001ca920a0000]
CodeHeap 'profiled nmethods': size=120000Kb used=15782Kb max_used=15992Kb free=104217Kb
 bounds [0x000001ca830a0000, 0x000001ca84040000, 0x000001ca8a5d0000]
CodeHeap 'non-nmethods': size=5760Kb used=1530Kb max_used=1573Kb free=4229Kb
 bounds [0x000001ca8a5d0000, 0x000001ca8a840000, 0x000001ca8ab70000]
CodeCache: size=245760Kb, used=20126Kb, max_used=20395Kb, free=225631Kb
 total_blobs=6775, nmethods=6083, adapters=596, full_count=0
Compilation: enabled, stopped_count=0, restarted_count=0

Compilation events (20 events):
Event: 9.126 Thread 0x000001ca9a0afd40 nmethod 6571 0x000001ca84038d90 code [0x000001ca84038fc0, 0x000001ca84039638]
Event: 9.126 Thread 0x000001ca9a0afd40 6572       3       org.jetbrains.kotlin.fir.expressions.impl.FirThisReceiverExpressionImpl::getCalleeReference (8 bytes)
Event: 9.126 Thread 0x000001ca9a0afd40 nmethod 6572 0x000001ca84039890 code [0x000001ca84039a20, 0x000001ca84039b40]
Event: 9.126 Thread 0x000001ca9a0afd40 6573       3       org.jetbrains.kotlin.fir.analysis.collectors.AbstractDiagnosticCollectorVisitor::setContext (12 bytes)
Event: 9.127 Thread 0x000001ca9a0afd40 nmethod 6573 0x000001ca84039c10 code [0x000001ca84039e40, 0x000001ca8403a420]
Event: 9.127 Thread 0x000001ca9a0afd40 6574       3       org.jetbrains.kotlin.fir.declarations.EmptyDeprecationsProvider::getDeprecationsInfo (10 bytes)
Event: 9.127 Thread 0x000001ca9a0afd40 nmethod 6574 0x000001ca8403a690 code [0x000001ca8403a8c0, 0x000001ca8403ae98]
Event: 9.127 Thread 0x000001ca9a0afd40 6575       3       org.jetbrains.kotlin.fir.analysis.collectors.components.AbstractDiagnosticCollectorComponent::visitElement (13 bytes)
Event: 9.127 Thread 0x000001ca9a0afd40 nmethod 6575 0x000001ca8403b110 code [0x000001ca8403b2c0, 0x000001ca8403b568]
Event: 9.127 Thread 0x000001ca9a0afd40 6576       3       org.jetbrains.kotlin.fir.analysis.collectors.components.AbstractDiagnosticCollectorComponent::visitElement (13 bytes)
Event: 9.128 Thread 0x000001ca9a0afd40 nmethod 6576 0x000001ca8403b610 code [0x000001ca8403b8a0, 0x000001ca8403c250]
Event: 9.128 Thread 0x000001ca9a0afd40 6578       3       org.jetbrains.kotlin.fir.expressions.impl.FirFunctionCallImpl::getTypeArguments (8 bytes)
Event: 9.128 Thread 0x000001ca9a0afd40 nmethod 6578 0x000001ca8403c610 code [0x000001ca8403c7c0, 0x000001ca8403caa8]
Event: 9.128 Thread 0x000001ca9a0afd40 6577       1       org.jetbrains.kotlin.fir.declarations.impl.FirFileImpl::getPackageDirective (5 bytes)
Event: 9.128 Thread 0x000001ca9a0afd40 nmethod 6577 0x000001ca8ae33290 code [0x000001ca8ae33420, 0x000001ca8ae334e8]
Event: 9.129 Thread 0x000001ca9a0afd40 6579       3       org.jetbrains.kotlin.fir.resolve.ToSymbolUtilsKt::toSymbol (53 bytes)
Event: 9.130 Thread 0x000001ca9a0afd40 nmethod 6579 0x000001ca8403cc10 code [0x000001ca8403cf00, 0x000001ca8403dc60]
Event: 9.130 Thread 0x000001ca9a0afd40 6580       1       org.jetbrains.kotlin.fir.analysis.checkers.context.MutableCheckerContext::getCallsOrAssignments (5 bytes)
Event: 9.130 Thread 0x000001ca9a0afd40 nmethod 6580 0x000001ca8ae33590 code [0x000001ca8ae33720, 0x000001ca8ae337e8]
Event: 9.130 Thread 0x000001ca9a0afd40 6581       3       org.jetbrains.kotlin.fir.analysis.checkers.context.CheckerContext::getLanguageVersionSettings (8 bytes)

GC Heap History (20 events):
Event: 4.596 GC heap before
{Heap before GC invocations=10 (full 0):
 garbage-first heap   total 43008K, used 35447K [0x0000000084c00000, 0x0000000100000000)
  region size 1024K, 16 young (16384K), 1 survivors (1024K)
 Metaspace       used 43470K, committed 43712K, reserved 1114112K
  class space    used 5231K, committed 5312K, reserved 1048576K
}
Event: 4.601 GC heap after
{Heap after GC invocations=11 (full 0):
 garbage-first heap   total 43008K, used 21916K [0x0000000084c00000, 0x0000000100000000)
  region size 1024K, 2 young (2048K), 2 survivors (2048K)
 Metaspace       used 43470K, committed 43712K, reserved 1114112K
  class space    used 5231K, committed 5312K, reserved 1048576K
}
Event: 4.922 GC heap before
{Heap before GC invocations=11 (full 0):
 garbage-first heap   total 43008K, used 35228K [0x0000000084c00000, 0x0000000100000000)
  region size 1024K, 16 young (16384K), 2 survivors (2048K)
 Metaspace       used 47239K, committed 47488K, reserved 1114112K
  class space    used 5645K, committed 5760K, reserved 1048576K
}
Event: 4.928 GC heap after
{Heap after GC invocations=12 (full 0):
 garbage-first heap   total 43008K, used 22485K [0x0000000084c00000, 0x0000000100000000)
  region size 1024K, 1 young (1024K), 1 survivors (1024K)
 Metaspace       used 47239K, committed 47488K, reserved 1114112K
  class space    used 5645K, committed 5760K, reserved 1048576K
}
Event: 5.221 GC heap before
{Heap before GC invocations=13 (full 0):
 garbage-first heap   total 43008K, used 36821K [0x0000000084c00000, 0x0000000100000000)
  region size 1024K, 15 young (15360K), 1 survivors (1024K)
 Metaspace       used 49112K, committed 49408K, reserved 1114112K
  class space    used 5843K, committed 5952K, reserved 1048576K
}
Event: 5.230 GC heap after
{Heap after GC invocations=14 (full 0):
 garbage-first heap   total 54272K, used 25079K [0x0000000084c00000, 0x0000000100000000)
  region size 1024K, 2 young (2048K), 2 survivors (2048K)
 Metaspace       used 49112K, committed 49408K, reserved 1114112K
  class space    used 5843K, committed 5952K, reserved 1048576K
}
Event: 5.417 GC heap before
{Heap before GC invocations=14 (full 0):
 garbage-first heap   total 54272K, used 47607K [0x0000000084c00000, 0x0000000100000000)
  region size 1024K, 23 young (23552K), 2 survivors (2048K)
 Metaspace       used 49644K, committed 49920K, reserved 1114112K
  class space    used 5878K, committed 6016K, reserved 1048576K
}
Event: 5.428 GC heap after
{Heap after GC invocations=15 (full 0):
 garbage-first heap   total 57344K, used 32649K [0x0000000084c00000, 0x0000000100000000)
  region size 1024K, 3 young (3072K), 3 survivors (3072K)
 Metaspace       used 49644K, committed 49920K, reserved 1114112K
  class space    used 5878K, committed 6016K, reserved 1048576K
}
Event: 5.586 GC heap before
{Heap before GC invocations=15 (full 0):
 garbage-first heap   total 57344K, used 48009K [0x0000000084c00000, 0x0000000100000000)
  region size 1024K, 18 young (18432K), 3 survivors (3072K)
 Metaspace       used 50425K, committed 50752K, reserved 1114112K
  class space    used 5944K, committed 6080K, reserved 1048576K
}
Event: 5.597 GC heap after
{Heap after GC invocations=16 (full 0):
 garbage-first heap   total 57344K, used 37476K [0x0000000084c00000, 0x0000000100000000)
  region size 1024K, 3 young (3072K), 3 survivors (3072K)
 Metaspace       used 50425K, committed 50752K, reserved 1114112K
  class space    used 5944K, committed 6080K, reserved 1048576K
}
Event: 5.877 GC heap before
{Heap before GC invocations=17 (full 0):
 garbage-first heap   total 63488K, used 48740K [0x0000000084c00000, 0x0000000100000000)
  region size 1024K, 14 young (14336K), 3 survivors (3072K)
 Metaspace       used 52554K, committed 52800K, reserved 1114112K
  class space    used 6189K, committed 6272K, reserved 1048576K
}
Event: 5.888 GC heap after
{Heap after GC invocations=18 (full 0):
 garbage-first heap   total 63488K, used 40340K [0x0000000084c00000, 0x0000000100000000)
  region size 1024K, 2 young (2048K), 2 survivors (2048K)
 Metaspace       used 52554K, committed 52800K, reserved 1114112K
  class space    used 6189K, committed 6272K, reserved 1048576K
}
Event: 6.022 GC heap before
{Heap before GC invocations=18 (full 0):
 garbage-first heap   total 63488K, used 53652K [0x0000000084c00000, 0x0000000100000000)
  region size 1024K, 15 young (15360K), 2 survivors (2048K)
 Metaspace       used 53452K, committed 53696K, reserved 1114112K
  class space    used 6287K, committed 6400K, reserved 1048576K
}
Event: 6.031 GC heap after
{Heap after GC invocations=19 (full 0):
 garbage-first heap   total 87040K, used 43737K [0x0000000084c00000, 0x0000000100000000)
  region size 1024K, 2 young (2048K), 2 survivors (2048K)
 Metaspace       used 53452K, committed 53696K, reserved 1114112K
  class space    used 6287K, committed 6400K, reserved 1048576K
}
Event: 6.873 GC heap before
{Heap before GC invocations=19 (full 0):
 garbage-first heap   total 87040K, used 68313K [0x0000000084c00000, 0x0000000100000000)
  region size 1024K, 27 young (27648K), 2 survivors (2048K)
 Metaspace       used 56341K, committed 56576K, reserved 1114112K
  class space    used 6631K, committed 6720K, reserved 1048576K
}
Event: 6.890 GC heap after
{Heap after GC invocations=20 (full 0):
 garbage-first heap   total 87040K, used 48926K [0x0000000084c00000, 0x0000000100000000)
  region size 1024K, 4 young (4096K), 4 survivors (4096K)
 Metaspace       used 56341K, committed 56576K, reserved 1114112K
  class space    used 6631K, committed 6720K, reserved 1048576K
}
Event: 8.429 GC heap before
{Heap before GC invocations=20 (full 0):
 garbage-first heap   total 87040K, used 71454K [0x0000000084c00000, 0x0000000100000000)
  region size 1024K, 26 young (26624K), 4 survivors (4096K)
 Metaspace       used 57214K, committed 57536K, reserved 1114112K
  class space    used 6664K, committed 6784K, reserved 1048576K
}
Event: 8.444 GC heap after
{Heap after GC invocations=21 (full 0):
 garbage-first heap   total 87040K, used 53760K [0x0000000084c00000, 0x0000000100000000)
  region size 1024K, 4 young (4096K), 4 survivors (4096K)
 Metaspace       used 57214K, committed 57536K, reserved 1114112K
  class space    used 6664K, committed 6784K, reserved 1048576K
}
Event: 9.085 GC heap before
{Heap before GC invocations=21 (full 0):
 garbage-first heap   total 87040K, used 72192K [0x0000000084c00000, 0x0000000100000000)
  region size 1024K, 23 young (23552K), 4 survivors (4096K)
 Metaspace       used 60276K, committed 60608K, reserved 1114112K
  class space    used 6970K, committed 7168K, reserved 1048576K
}
Event: 9.097 GC heap after
{Heap after GC invocations=22 (full 0):
 garbage-first heap   total 87040K, used 56849K [0x0000000084c00000, 0x0000000100000000)
  region size 1024K, 3 young (3072K), 3 survivors (3072K)
 Metaspace       used 60276K, committed 60608K, reserved 1114112K
  class space    used 6970K, committed 7168K, reserved 1048576K
}

Dll operation events (3 events):
Event: 0.024 Loaded shared library C:\Program Files\Android\Android Studio\jbr\bin\java.dll
Event: 0.036 Loaded shared library C:\Program Files\Android\Android Studio\jbr\bin\zip.dll
Event: 2.823 Loaded shared library C:\Program Files\Android\Android Studio\jbr\bin\verify.dll

Deoptimization events (20 events):
Event: 9.068 Thread 0x000001cafe334040 Uncommon trap: trap_request=0xffffffcc fr.pc=0x000001ca8ae2c2e4 relative=0x0000000000000224
Event: 9.068 Thread 0x000001cafe334040 Uncommon trap: reason=intrinsic_or_type_checked_inlining action=make_not_entrant pc=0x000001ca8ae2c2e4 method=java.util.ArrayList.toArray([Ljava/lang/Object;)[Ljava/lang/Object; @ 36 c2
Event: 9.068 Thread 0x000001cafe334040 DEOPT PACKING pc=0x000001ca8ae2c2e4 sp=0x00000050649fd860
Event: 9.068 Thread 0x000001cafe334040 DEOPT UNPACKING pc=0x000001ca8a6243a2 sp=0x00000050649fd810 mode 2
Event: 9.071 Thread 0x000001cafe334040 Uncommon trap: trap_request=0xffffffc6 fr.pc=0x000001ca8ad67344 relative=0x00000000000011e4
Event: 9.071 Thread 0x000001cafe334040 Uncommon trap: reason=bimorphic_or_optimized_type_check action=maybe_recompile pc=0x000001ca8ad67344 method=org.jetbrains.kotlin.com.intellij.openapi.vfs.VirtualFile.getExtension()Ljava/lang/String; @ 1 c2
Event: 9.071 Thread 0x000001cafe334040 DEOPT PACKING pc=0x000001ca8ad67344 sp=0x00000050649fd570
Event: 9.071 Thread 0x000001cafe334040 DEOPT UNPACKING pc=0x000001ca8a6243a2 sp=0x00000050649fd558 mode 2
Event: 9.109 Thread 0x000001cafe334040 Uncommon trap: trap_request=0xffffffc6 fr.pc=0x000001ca8ad67344 relative=0x00000000000011e4
Event: 9.109 Thread 0x000001cafe334040 Uncommon trap: reason=bimorphic_or_optimized_type_check action=maybe_recompile pc=0x000001ca8ad67344 method=org.jetbrains.kotlin.com.intellij.openapi.vfs.VirtualFile.getExtension()Ljava/lang/String; @ 1 c2
Event: 9.109 Thread 0x000001cafe334040 DEOPT PACKING pc=0x000001ca8ad67344 sp=0x00000050649fd2b0
Event: 9.109 Thread 0x000001cafe334040 DEOPT UNPACKING pc=0x000001ca8a6243a2 sp=0x00000050649fd298 mode 2
Event: 9.113 Thread 0x000001cafe334040 Uncommon trap: trap_request=0xffffffc6 fr.pc=0x000001ca8ad67344 relative=0x00000000000011e4
Event: 9.113 Thread 0x000001cafe334040 Uncommon trap: reason=bimorphic_or_optimized_type_check action=maybe_recompile pc=0x000001ca8ad67344 method=org.jetbrains.kotlin.com.intellij.openapi.vfs.VirtualFile.getExtension()Ljava/lang/String; @ 1 c2
Event: 9.113 Thread 0x000001cafe334040 DEOPT PACKING pc=0x000001ca8ad67344 sp=0x00000050649fc820
Event: 9.113 Thread 0x000001cafe334040 DEOPT UNPACKING pc=0x000001ca8a6243a2 sp=0x00000050649fc808 mode 2
Event: 9.114 Thread 0x000001cafe334040 Uncommon trap: trap_request=0xffffffc6 fr.pc=0x000001ca8ad67344 relative=0x00000000000011e4
Event: 9.114 Thread 0x000001cafe334040 Uncommon trap: reason=bimorphic_or_optimized_type_check action=maybe_recompile pc=0x000001ca8ad67344 method=org.jetbrains.kotlin.com.intellij.openapi.vfs.VirtualFile.getExtension()Ljava/lang/String; @ 1 c2
Event: 9.114 Thread 0x000001cafe334040 DEOPT PACKING pc=0x000001ca8ad67344 sp=0x00000050649fd2b0
Event: 9.114 Thread 0x000001cafe334040 DEOPT UNPACKING pc=0x000001ca8a6243a2 sp=0x00000050649fd298 mode 2

Classes loaded (20 events):
Event: 6.679 Loading class java/lang/Byte$ByteCache
Event: 6.680 Loading class java/lang/Byte$ByteCache done
Event: 6.747 Loading class java/util/EnumMap$EntrySet
Event: 6.747 Loading class java/util/EnumMap$EntrySet done
Event: 6.747 Loading class java/util/EnumMap$EntryIterator
Event: 6.747 Loading class java/util/EnumMap$EnumMapIterator
Event: 6.747 Loading class java/util/EnumMap$EnumMapIterator done
Event: 6.747 Loading class java/util/EnumMap$EntryIterator done
Event: 6.747 Loading class java/util/EnumMap$EntryIterator$Entry
Event: 6.747 Loading class java/util/EnumMap$EntryIterator$Entry done
Event: 8.950 Loading class java/text/MessageFormat
Event: 8.951 Loading class java/text/Format
Event: 8.951 Loading class java/text/Format done
Event: 8.952 Loading class java/text/MessageFormat done
Event: 8.952 Loading class java/util/Locale$Category
Event: 8.952 Loading class java/util/Locale$Category done
Event: 9.002 Loading class java/text/ChoiceFormat
Event: 9.003 Loading class java/text/NumberFormat
Event: 9.003 Loading class java/text/NumberFormat done
Event: 9.003 Loading class java/text/ChoiceFormat done

Classes unloaded (0 events):
No events

Classes redefined (0 events):
No events

Internal exceptions (20 events):
Event: 4.809 Thread 0x000001cafe334040 Exception <a 'java/lang/NoSuchMethodError'{0x0000000086ac3e20}: 'java.lang.Object java.lang.invoke.DirectMethodHandle$Holder.newInvokeSpecial(java.lang.Object, java.lang.Object, java.lang.Object, int, java.lang.Object)'> (0x0000000086ac3e20) 
thrown [s\src\hotspot\share\interpreter\linkResolver.cpp, line 784]
Event: 5.076 Thread 0x000001cafe334040 Exception <a 'java/lang/NoSuchMethodError'{0x0000000086d36b90}: 'java.lang.Object java.lang.invoke.DirectMethodHandle$Holder.newInvokeSpecial(java.lang.Object, java.lang.Object, java.lang.Object, java.lang.Object, int)'> (0x0000000086d36b90) 
thrown [s\src\hotspot\share\interpreter\linkResolver.cpp, line 784]
Event: 5.076 Thread 0x000001cafe334040 Exception <a 'java/lang/NoSuchMethodError'{0x0000000086d3af98}: 'java.lang.Object java.lang.invoke.DirectMethodHandle$Holder.invokeSpecial(java.lang.Object, java.lang.Object, java.lang.Object, java.lang.Object, java.lang.Object, int)'> (0x0000000086d3af98) 
thrown [s\src\hotspot\share\interpreter\linkResolver.cpp, line 784]
Event: 5.077 Thread 0x000001cafe334040 Exception <a 'java/lang/NoSuchMethodError'{0x0000000086d3ecd8}: 'java.lang.Object java.lang.invoke.Invokers$Holder.linkToTargetMethod(java.lang.Object, java.lang.Object, java.lang.Object, int, java.lang.Object)'> (0x0000000086d3ecd8) 
thrown [s\src\hotspot\share\interpreter\linkResolver.cpp, line 784]
Event: 5.099 Thread 0x000001cafe334040 Implicit null exception at 0x000001ca8ac2193e to 0x000001ca8ac21c0c
Event: 6.050 Thread 0x000001cafe334040 Exception <a 'java/lang/NoSuchMethodError'{0x00000000ffbaadd8}: 'java.lang.Object java.lang.invoke.DirectMethodHandle$Holder.newInvokeSpecial(java.lang.Object, java.lang.Object, java.lang.Object, java.lang.Object, java.lang.Object, java.lang.Object, java.lang.Object, java.lang.Object, java.lang.Object)'> (0x00000000ffbaadd8) 
thrown [s\src\hotspot\share\interpreter\linkResolver.cpp, line 784]
Event: 6.058 Thread 0x000001cafe334040 Exception <a 'java/lang/NoSuchMethodError'{0x00000000ffbf2b18}: 'java.lang.Object java.lang.invoke.DirectMethodHandle$Holder.newInvokeSpecial(java.lang.Object, int, java.lang.Object)'> (0x00000000ffbf2b18) 
thrown [s\src\hotspot\share\interpreter\linkResolver.cpp, line 784]
Event: 6.063 Thread 0x000001cafe334040 Exception <a 'java/lang/NoSuchMethodError'{0x000000008c71fb80}: 'java.lang.Object java.lang.invoke.DirectMethodHandle$Holder.newInvokeSpecial(java.lang.Object, java.lang.Object, java.lang.Object, java.lang.Object, int, java.lang.Object, java.lang.Object)'> (0x000000008c71fb80) 
thrown [s\src\hotspot\share\interpreter\linkResolver.cpp, line 784]
Event: 6.063 Thread 0x000001cafe334040 Exception <a 'java/lang/NoSuchMethodError'{0x000000008c727d20}: 'java.lang.Object java.lang.invoke.Invokers$Holder.linkToTargetMethod(java.lang.Object, java.lang.Object, java.lang.Object, int, java.lang.Object, java.lang.Object, java.lang.Object)'> (0x000000008c727d20) 
thrown [s\src\hotspot\share\interpreter\linkResolver.cpp, line 784]
Event: 6.073 Thread 0x000001cafe334040 Exception <a 'java/lang/NoSuchMethodError'{0x000000008c786ea0}: 'java.lang.Object java.lang.invoke.DirectMethodHandle$Holder.invokeSpecial(java.lang.Object, java.lang.Object, int, java.lang.Object, java.lang.Object)'> (0x000000008c786ea0) 
thrown [s\src\hotspot\share\interpreter\linkResolver.cpp, line 784]
Event: 6.098 Thread 0x000001cafe334040 Exception <a 'java/lang/NoSuchMethodError'{0x000000008b19feb8}: 'java.lang.Object java.lang.invoke.DirectMethodHandle$Holder.invokeStatic(java.lang.Object, int, java.lang.Object, java.lang.Object)'> (0x000000008b19feb8) 
thrown [s\src\hotspot\share\interpreter\linkResolver.cpp, line 784]
Event: 6.205 Thread 0x000001cafe334040 Exception <a 'java/lang/NoSuchMethodError'{0x00000000896837f0}: 'java.lang.Object java.lang.invoke.DirectMethodHandle$Holder.invokeStatic(java.lang.Object, java.lang.Object, java.lang.Object, int, java.lang.Object, java.lang.Object)'> (0x00000000896837f0) 
thrown [s\src\hotspot\share\interpreter\linkResolver.cpp, line 784]
Event: 6.541 Thread 0x000001cafe334040 Exception <a 'java/lang/NoSuchMethodError'{0x0000000088b687f0}: 'java.lang.Object java.lang.invoke.DirectMethodHandle$Holder.newInvokeSpecial(java.lang.Object, int, java.lang.Object, java.lang.Object, java.lang.Object)'> (0x0000000088b687f0) 
thrown [s\src\hotspot\share\interpreter\linkResolver.cpp, line 784]
Event: 6.542 Thread 0x000001cafe334040 Exception <a 'java/lang/NoSuchMethodError'{0x0000000088b709d0}: 'java.lang.Object java.lang.invoke.Invokers$Holder.linkToTargetMethod(int, java.lang.Object, java.lang.Object, java.lang.Object, java.lang.Object)'> (0x0000000088b709d0) 
thrown [s\src\hotspot\share\interpreter\linkResolver.cpp, line 784]
Event: 7.132 Thread 0x000001cafe334040 Exception <a 'java/lang/NoSuchMethodError'{0x0000000088f8a4b8}: 'java.lang.Object java.lang.invoke.DirectMethodHandle$Holder.newInvokeSpecial(java.lang.Object, java.lang.Object, java.lang.Object, java.lang.Object, java.lang.Object, int)'> (0x0000000088f8a4b8) 
thrown [s\src\hotspot\share\interpreter\linkResolver.cpp, line 784]
Event: 7.133 Thread 0x000001cafe334040 Exception <a 'java/lang/NoSuchMethodError'{0x0000000088f8f760}: 'java.lang.Object java.lang.invoke.DirectMethodHandle$Holder.invokeSpecial(java.lang.Object, java.lang.Object, java.lang.Object, java.lang.Object, java.lang.Object, java.lang.Object, int)'> (0x0000000088f8f760) 
thrown [s\src\hotspot\share\interpreter\linkResolver.cpp, line 784]
Event: 7.133 Thread 0x000001cafe334040 Exception <a 'java/lang/NoSuchMethodError'{0x0000000088f94318}: 'java.lang.Object java.lang.invoke.Invokers$Holder.linkToTargetMethod(java.lang.Object, java.lang.Object, java.lang.Object, java.lang.Object, int, java.lang.Object)'> (0x0000000088f94318) 
thrown [s\src\hotspot\share\interpreter\linkResolver.cpp, line 784]
Event: 9.042 Thread 0x000001cafe334040 Implicit null exception at 0x000001ca8ac6a5da to 0x000001ca8ac6a6d8
Event: 9.053 Thread 0x000001cafe334040 Exception <a 'java/lang/NoSuchMethodError'{0x0000000088a0dfd8}: 'java.lang.Object java.lang.invoke.DirectMethodHandle$Holder.invokeStatic(java.lang.Object, int, int, java.lang.Object)'> (0x0000000088a0dfd8) 
thrown [s\src\hotspot\share\interpreter\linkResolver.cpp, line 784]
Event: 9.053 Thread 0x000001cafe334040 Exception <a 'java/lang/NoSuchMethodError'{0x0000000088a11698}: 'java.lang.Object java.lang.invoke.DirectMethodHandle$Holder.invokeStaticInit(java.lang.Object, int, int, java.lang.Object)'> (0x0000000088a11698) 
thrown [s\src\hotspot\share\interpreter\linkResolver.cpp, line 784]

ZGC Phase Switch (0 events):
No events

VM Operations (20 events):
Event: 8.380 Executing VM operation: ICBufferFull done
Event: 8.429 Executing VM operation: G1CollectForAllocation (G1 Evacuation Pause)
Event: 8.444 Executing VM operation: G1CollectForAllocation (G1 Evacuation Pause) done
Event: 8.554 Executing VM operation: HandshakeAllThreads (Deoptimize)
Event: 8.554 Executing VM operation: HandshakeAllThreads (Deoptimize) done
Event: 8.594 Executing VM operation: ICBufferFull
Event: 8.594 Executing VM operation: ICBufferFull done
Event: 8.597 Executing VM operation: HandshakeAllThreads (Deoptimize)
Event: 8.597 Executing VM operation: HandshakeAllThreads (Deoptimize) done
Event: 8.651 Executing VM operation: HandshakeAllThreads (Deoptimize)
Event: 8.651 Executing VM operation: HandshakeAllThreads (Deoptimize) done
Event: 8.691 Executing VM operation: HandshakeAllThreads (Deoptimize)
Event: 8.691 Executing VM operation: HandshakeAllThreads (Deoptimize) done
Event: 9.048 Executing VM operation: HandshakeAllThreads (Deoptimize)
Event: 9.048 Executing VM operation: HandshakeAllThreads (Deoptimize) done
Event: 9.048 Executing VM operation: ICBufferFull
Event: 9.049 Executing VM operation: ICBufferFull done
Event: 9.085 Executing VM operation: G1CollectForAllocation (G1 Evacuation Pause)
Event: 9.097 Executing VM operation: G1CollectForAllocation (G1 Evacuation Pause) done
Event: 9.130 Executing VM operation: G1PauseRemark

Memory protections (0 events):
No events

Nmethod flushes (20 events):
Event: 9.139 Thread 0x000001caffda81d0 flushing  nmethod 0x000001ca8ac2bf90
Event: 9.139 Thread 0x000001caffda81d0 flushing  nmethod 0x000001ca83121e90
Event: 9.139 Thread 0x000001caffda81d0 flushing  nmethod 0x000001ca83130710
Event: 9.139 Thread 0x000001caffda81d0 flushing  nmethod 0x000001ca8313c390
Event: 9.139 Thread 0x000001caffda81d0 flushing  nmethod 0x000001ca832f1d90
Event: 9.139 Thread 0x000001caffda81d0 flushing  nmethod 0x000001ca8330f990
Event: 9.139 Thread 0x000001caffda81d0 flushing  nmethod 0x000001ca83311b10
Event: 9.139 Thread 0x000001caffda81d0 flushing  nmethod 0x000001ca83397a90
Event: 9.139 Thread 0x000001caffda81d0 flushing  nmethod 0x000001ca833a0b90
Event: 9.139 Thread 0x000001caffda81d0 flushing  nmethod 0x000001ca833a1d90
Event: 9.139 Thread 0x000001caffda81d0 flushing  nmethod 0x000001ca833a6f90
Event: 9.139 Thread 0x000001caffda81d0 flushing  nmethod 0x000001ca83416710
Event: 9.139 Thread 0x000001caffda81d0 flushing  nmethod 0x000001ca83570a90
Event: 9.139 Thread 0x000001caffda81d0 flushing  nmethod 0x000001ca835a7e90
Event: 9.139 Thread 0x000001caffda81d0 flushing  nmethod 0x000001ca835a8d10
Event: 9.139 Thread 0x000001caffda81d0 flushing  nmethod 0x000001ca8365ad90
Event: 9.139 Thread 0x000001caffda81d0 flushing  nmethod 0x000001ca8366eb90
Event: 9.139 Thread 0x000001caffda81d0 flushing  nmethod 0x000001ca8366f490
Event: 9.139 Thread 0x000001caffda81d0 flushing  nmethod 0x000001ca8366f810
Event: 9.139 Thread 0x000001caffda81d0 flushing  nmethod 0x000001ca836a4110

Events (20 events):
Event: 0.033 Thread 0x000001cafe334040 Thread added: 0x000001cafe334040
Event: 0.120 Thread 0x000001cafe334040 Thread added: 0x000001ca9a0420e0
Event: 0.130 Thread 0x000001cafe334040 Thread added: 0x000001ca9a065980
Event: 0.130 Thread 0x000001cafe334040 Thread added: 0x000001ca9a0663e0
Event: 0.132 Thread 0x000001cafe334040 Thread added: 0x000001ca9a0848e0
Event: 0.132 Thread 0x000001cafe334040 Thread added: 0x000001ca9a067820
Event: 0.132 Thread 0x000001cafe334040 Thread added: 0x000001ca9a08e170
Event: 0.132 Thread 0x000001cafe334040 Thread added: 0x000001ca9a096fe0
Event: 0.132 Thread 0x000001cafe334040 Thread added: 0x000001ca9a0a9d90
Event: 0.133 Thread 0x000001cafe334040 Thread added: 0x000001ca9a0afd40
Event: 0.204 Thread 0x000001cafe334040 Thread added: 0x000001ca9a2424f0
Event: 0.229 Loaded shared library C:\Program Files\Android\Android Studio\jbr\bin\net.dll
Event: 0.236 Loaded shared library C:\Program Files\Android\Android Studio\jbr\bin\nio.dll
Event: 0.266 Thread 0x000001ca9a0a9d90 Thread added: 0x000001ca9a2ba000
Event: 0.285 Loaded shared library C:\Program Files\Android\Android Studio\jbr\bin\zip.dll
Event: 0.378 Loaded shared library C:\Program Files\Android\Android Studio\jbr\bin\jimage.dll
Event: 0.800 Loaded shared library C:\Program Files\Android\Android Studio\jbr\bin\management.dll
Event: 0.817 Loaded shared library C:\Program Files\Android\Android Studio\jbr\bin\management_ext.dll
Event: 0.871 Thread 0x000001ca9a2ba000 Thread exited: 0x000001ca9a2ba000
Event: 8.170 Thread 0x000001ca9a0afd40 Thread added: 0x000001caa0dd04a0


Dynamic libraries:
0x00007ff7247e0000 - 0x00007ff7247ea000 	C:\Program Files\Android\Android Studio\jbr\bin\java.exe
0x00007ffecce80000 - 0x00007ffecd0e7000 	C:\WINDOWS\SYSTEM32\ntdll.dll
0x00007ffecbf90000 - 0x00007ffecc059000 	C:\WINDOWS\System32\KERNEL32.DLL
0x00007ffec9b30000 - 0x00007ffec9f27000 	C:\WINDOWS\System32\KERNELBASE.dll
0x00007ffec99e0000 - 0x00007ffec9b2b000 	C:\WINDOWS\System32\ucrtbase.dll
0x00007ffebcd90000 - 0x00007ffebcdab000 	C:\Program Files\Android\Android Studio\jbr\bin\VCRUNTIME140.dll
0x00007ffe9c2c0000 - 0x00007ffe9c2d8000 	C:\Program Files\Android\Android Studio\jbr\bin\jli.dll
0x00007ffeccba0000 - 0x00007ffeccd66000 	C:\WINDOWS\System32\USER32.dll
0x00007ffeca830000 - 0x00007ffeca857000 	C:\WINDOWS\System32\win32u.dll
0x00007ffeccaf0000 - 0x00007ffeccb1b000 	C:\WINDOWS\System32\GDI32.dll
0x00007ffec98b0000 - 0x00007ffec99dc000 	C:\WINDOWS\System32\gdi32full.dll
0x00007ffecab50000 - 0x00007ffecabf3000 	C:\WINDOWS\System32\msvcp_win.dll
0x00007ffeb32c0000 - 0x00007ffeb3552000 	C:\WINDOWS\WinSxS\amd64_microsoft.windows.common-controls_6595b64144ccf1df_6.0.26100.8328_none_3e08182ce334b678\COMCTL32.dll
0x00007ffecc070000 - 0x00007ffecc119000 	C:\WINDOWS\System32\msvcrt.dll
0x00007ffecc230000 - 0x00007ffecc262000 	C:\WINDOWS\System32\IMM32.DLL
0x00007ffebead0000 - 0x00007ffebeadc000 	C:\Program Files\Android\Android Studio\jbr\bin\vcruntime140_1.dll
0x00007ffe66f80000 - 0x00007ffe6700d000 	C:\Program Files\Android\Android Studio\jbr\bin\msvcp140.dll
0x00007ffe3cfb0000 - 0x00007ffe3dc46000 	C:\Program Files\Android\Android Studio\jbr\bin\server\jvm.dll
0x00007ffecb8a0000 - 0x00007ffecb956000 	C:\WINDOWS\System32\ADVAPI32.dll
0x00007ffeccd70000 - 0x00007ffecce17000 	C:\WINDOWS\System32\sechost.dll
0x00007ffecbdb0000 - 0x00007ffecbec8000 	C:\WINDOWS\System32\RPCRT4.dll
0x00007ffecae30000 - 0x00007ffecaeb0000 	C:\WINDOWS\System32\WS2_32.dll
0x00007ffec9730000 - 0x00007ffec978e000 	C:\WINDOWS\SYSTEM32\POWRPROF.dll
0x00007ffebd0d0000 - 0x00007ffebd106000 	C:\WINDOWS\SYSTEM32\WINMM.dll
0x00007ffeb72e0000 - 0x00007ffeb72eb000 	C:\WINDOWS\SYSTEM32\VERSION.dll
0x00007ffec9710000 - 0x00007ffec9724000 	C:\WINDOWS\SYSTEM32\UMPDC.dll
0x00007ffec8610000 - 0x00007ffec862b000 	C:\WINDOWS\SYSTEM32\kernel.appcore.dll
0x00007ffebcf40000 - 0x00007ffebcf4a000 	C:\Program Files\Android\Android Studio\jbr\bin\jimage.dll
0x00007ffec7970000 - 0x00007ffec7bb2000 	C:\WINDOWS\SYSTEM32\DBGHELP.DLL
0x00007ffecb9b0000 - 0x00007ffecbd33000 	C:\WINDOWS\System32\combase.dll
0x00007ffecb7c0000 - 0x00007ffecb899000 	C:\WINDOWS\System32\OLEAUT32.dll
0x00007ffeb2b20000 - 0x00007ffeb2b5b000 	C:\WINDOWS\SYSTEM32\dbgcore.DLL
0x00007ffeca920000 - 0x00007ffeca9c8000 	C:\WINDOWS\System32\bcryptPrimitives.dll
0x00007ffea0400000 - 0x00007ffea0420000 	C:\Program Files\Android\Android Studio\jbr\bin\java.dll
0x00007ffea03e0000 - 0x00007ffea03f8000 	C:\Program Files\Android\Android Studio\jbr\bin\zip.dll
0x00007ffecc270000 - 0x00007ffecc9de000 	C:\WINDOWS\System32\SHELL32.dll
0x00007ffec9f30000 - 0x00007ffeca79c000 	C:\WINDOWS\System32\windows.storage.dll
0x00007ffecc9f0000 - 0x00007ffeccae6000 	C:\WINDOWS\System32\SHCORE.dll
0x00007ffecb530000 - 0x00007ffecb596000 	C:\WINDOWS\System32\shlwapi.dll
0x00007ffec97d0000 - 0x00007ffec97f9000 	C:\WINDOWS\SYSTEM32\profapi.dll
0x00007ffebcce0000 - 0x00007ffebccf0000 	C:\Program Files\Android\Android Studio\jbr\bin\net.dll
0x00007ffec0b80000 - 0x00007ffec0ca9000 	C:\WINDOWS\SYSTEM32\WINHTTP.dll
0x00007ffec8b90000 - 0x00007ffec8bfc000 	C:\WINDOWS\system32\mswsock.dll
0x00007ffea03c0000 - 0x00007ffea03d6000 	C:\Program Files\Android\Android Studio\jbr\bin\nio.dll
0x00007ffeb4940000 - 0x00007ffeb4949000 	C:\Program Files\Android\Android Studio\jbr\bin\management.dll
0x00007ffea7600000 - 0x00007ffea760b000 	C:\Program Files\Android\Android Studio\jbr\bin\management_ext.dll
0x00007ffecb650000 - 0x00007ffecb658000 	C:\WINDOWS\System32\PSAPI.DLL
0x00007ffea4260000 - 0x00007ffea4270000 	C:\Program Files\Android\Android Studio\jbr\bin\verify.dll

JVMTI agents: none

dbghelp: loaded successfully - version: 4.0.5 - missing functions: none
symbol engine: initialized successfully - sym options: 0x614 - pdb path: .;C:\Program Files\Android\Android Studio\jbr\bin;C:\WINDOWS\SYSTEM32;C:\WINDOWS\WinSxS\amd64_microsoft.windows.common-controls_6595b64144ccf1df_6.0.26100.8328_none_3e08182ce334b678;C:\Program Files\Android\Android Studio\jbr\bin\server

VM Arguments:
java_command: org.jetbrains.kotlin.cli.jvm.K2JVMCompiler @C:\Users\erick\AndroidStudioProjects\WearableSeguridad\app\build\20260509_16665466060441998206.compiler.options
java_class_path (initial): C:\Users\erick\.gradle\caches\modules-2\files-2.1\org.jetbrains.kotlin\kotlin-compiler-embeddable\2.2.10\6882d39ef03b18879c1a5d2a83c2212361bed5fe\kotlin-compiler-embeddable-2.2.10.jar;C:\Users\erick\.gradle\caches\modules-2\files-2.1\org.jetbrains.kotlin\kotlin-stdlib\2.2.10\30de6faa127a4a012db8e71bf1b9c0a99b1402b2\kotlin-stdlib-2.2.10.jar;C:\Users\erick\.gradle\caches\modules-2\files-2.1\org.jetbrains.kotlin\kotlin-script-runtime\2.2.10\712f9bc08f378c13a4a00f0bbb28c76e59183e83\kotlin-script-runtime-2.2.10.jar;C:\Users\erick\.gradle\caches\modules-2\files-2.1\org.jetbrains.kotlin\kotlin-reflect\1.6.10\1cbe9c92c12a94eea200d23c2bbaedaf3daf5132\kotlin-reflect-1.6.10.jar;C:\Users\erick\.gradle\caches\modules-2\files-2.1\org.jetbrains.kotlin\kotlin-daemon-embeddable\2.2.10\212fd3c2c6e4e5d0f4db3c4191233e2b622380cc\kotlin-daemon-embeddable-2.2.10.jar;C:\Users\erick\.gradle\caches\modules-2\files-2.1\org.jetbrains.kotlinx\kotlinx-coroutines-core-jvm\1.8.0\ac1dc37a30a93150b704022f8d895ee1bd3a36b3\kotlinx-coroutines-core-jvm-1.8.0.jar;C:\Users\erick\.gradle\caches\modules-2\files-2.1\org.jetbrains\annotations\13.0\919f0dfe192fb4e063e7dacadee7f8bb9a2672a9\annotations-13.0.jar
Launcher Type: SUN_STANDARD

[Global flags]
     intx CICompilerCount                          = 4                                         {product} {ergonomic}
     uint ConcGCThreads                            = 3                                         {product} {ergonomic}
     uint G1ConcRefinementThreads                  = 10                                        {product} {ergonomic}
   size_t G1HeapRegionSize                         = 1048576                                   {product} {ergonomic}
    uintx GCDrainStackTargetSize                   = 64                                        {product} {ergonomic}
   size_t InitialHeapSize                          = 130023424                                 {product} {ergonomic}
   size_t MarkStackSize                            = 4194304                                   {product} {ergonomic}
   size_t MaxHeapSize                              = 2067791872                                {product} {ergonomic}
   size_t MaxNewSize                               = 1240465408                                {product} {ergonomic}
   size_t MinHeapDeltaBytes                        = 1048576                                   {product} {ergonomic}
   size_t MinHeapSize                              = 8388608                                   {product} {ergonomic}
    uintx NonNMethodCodeHeapSize                   = 5839372                                {pd product} {ergonomic}
    uintx NonProfiledCodeHeapSize                  = 122909434                              {pd product} {ergonomic}
    uintx ProfiledCodeHeapSize                     = 122909434                              {pd product} {ergonomic}
    uintx ReservedCodeCacheSize                    = 251658240                              {pd product} {ergonomic}
     bool SegmentedCodeCache                       = true                                      {product} {ergonomic}
   size_t SoftMaxHeapSize                          = 2067791872                             {manageable} {ergonomic}
     bool UseCompressedOops                        = true                           {product lp64_product} {ergonomic}
     bool UseG1GC                                  = true                                      {product} {ergonomic}
     bool UseLargePagesIndividualAllocation        = false                                  {pd product} {ergonomic}

Logging:
Log output configuration:
 #0: stdout all=warning uptime,level,tags foldmultilines=false
 #1: stderr all=off uptime,level,tags foldmultilines=false

Release file:
JAVA_VERSION="21.0.9" 
MODULES="java.base java.compiler java.datatransfer java.xml java.prefs java.desktop java.instrument java.logging java.management java.security.sasl java.naming java.rmi java.management.rmi java.net.http java.scripting java.security.jgss java.transaction.xa java.sql java.sql.rowset java.xml.crypto java.se java.smartcardio jdk.accessibility jdk.internal.jvmstat jdk.attach jdk.charsets jdk.internal.opt jdk.zipfs jdk.compiler jdk.crypto.ec jdk.crypto.cryptoki jdk.dynalink jdk.hotspot.agent jdk.httpserver jdk.internal.ed jdk.internal.le jdk.internal.vm.ci jdk.jartool jdk.javadoc jdk.jcmd jdk.jdeps jdk.jdwp.agent jdk.jdi jdk.jfr jdk.jlink jdk.jsobject jdk.localedata jdk.management jdk.management.agent jdk.management.jfr jdk.naming.dns jdk.naming.rmi jdk.net jdk.sctp jdk.security.auth jdk.security.jgss jdk.unsupported jdk.unsupported.desktop jdk.xml.dom" 
IMPLEMENTOR="JetBrains s.r.o." 
JAVA_RUNTIME_VERSION="21.0.9+-14649483-b1163.86" 
LIBC="default" 
OS_ARCH="x86_64" 
OS_NAME="Windows" 
SOURCE=".:git:554d0c326095" 

Environment Variables:
PATH=C:\WINDOWS\system32;C:\WINDOWS;C:\WINDOWS\System32\Wbem;C:\WINDOWS\System32\WindowsPowerShell\v1.0\;C:\WINDOWS\System32\OpenSSH\;C:\Users\erick\AppData\Local\Programs\Python\Python314\Scripts\;C:\Users\erick\AppData\Local\Programs\Python\Python314\;C:\Users\erick\AppData\Local\Microsoft\WindowsApps;;C:\Users\erick\AppData\Local\spicetify;C:\Users\erick\AppData\Local\Programs\Microsoft VS Code\bin
USERNAME=erick
OS=Windows_NT
PROCESSOR_IDENTIFIER=Intel64 Family 6 Model 154 Stepping 4, GenuineIntel
TMP=C:\Users\erick\AppData\Local\Temp
TEMP=C:\Users\erick\AppData\Local\Temp




Periodic native trim disabled

JNI global refs:
JNI global refs: 10, weak refs: 4

JNI global refs memory usage: 835, weak refs: 833

Process memory usage:
Resident Set Size: 265736K (3% of 8074800K total physical memory with 380576K free physical memory)

OOME stack traces (most recent first):
Classloader memory used:
Loader jdk.internal.loader.ClassLoaders$AppClassLoader                                 : 48282K
Loader bootstrap                                                                       : 11738K
Loader jdk.internal.jrtfs.JrtFileSystemProvider$JrtFsLoader                            : 318K
Loader jdk.internal.loader.ClassLoaders$PlatformClassLoader                            : 67880B

Classes loaded by more than one classloader:
Class jdk.internal.jimage.BasicImageReader                                            : loaded 2 times (x 95B)
Class jdk.internal.jimage.decompressor.StringSharingDecompressorFactory               : loaded 2 times (x 74B)
Class jdk.internal.jrtfs.JrtFileSystemProvider                                        : loaded 2 times (x 101B)
Class jdk.internal.jimage.ImageLocation                                               : loaded 2 times (x 90B)
Class jdk.internal.jimage.ImageBufferCache$1                                          : loaded 2 times (x 83B)
Class jdk.internal.jimage.ImageBufferCache$2                                          : loaded 2 times (x 91B)
Class jdk.internal.jimage.ImageHeader                                                 : loaded 2 times (x 71B)
Class jdk.internal.jimage.decompressor.ResourceDecompressor                           : loaded 2 times (x 70B)
Class jdk.internal.jimage.ImageStringsReader                                          : loaded 2 times (x 80B)
Class jdk.internal.jimage.ImageReader                                                 : loaded 2 times (x 75B)
Class jdk.internal.jimage.ImageReader$SharedImageReader                               : loaded 2 times (x 95B)
Class jdk.internal.jimage.decompressor.ResourceDecompressorFactory                    : loaded 2 times (x 74B)
Class jdk.internal.jimage.ImageReader$Node                                            : loaded 2 times (x 84B)
Class jdk.internal.jimage.BasicImageReader$1                                          : loaded 2 times (x 77B)
Class jdk.internal.jimage.decompressor.Decompressor                                   : loaded 2 times (x 72B)
Class jdk.internal.jimage.ImageBufferCache                                            : loaded 2 times (x 71B)
Class jdk.internal.jrtfs.JrtPath                                                      : loaded 2 times (x 118B)
Class jdk.internal.jimage.decompressor.ResourceDecompressorRepository                 : loaded 2 times (x 71B)
Class jdk.internal.jimage.ImageReader$Directory                                       : loaded 2 times (x 84B)
Class jdk.internal.jimage.decompressor.ZipDecompressorFactory                         : loaded 2 times (x 74B)
Class jdk.internal.jimage.decompressor.ZipDecompressor                                : loaded 2 times (x 75B)
Class jdk.internal.jimage.ImageStrings                                                : loaded 2 times (x 70B)
Class jdk.internal.jrtfs.JrtFileSystem                                                : loaded 2 times (x 102B)
Class jdk.internal.jimage.decompressor.CompressedResourceHeader                       : loaded 2 times (x 71B)
Class jdk.internal.jimage.decompressor.ResourceDecompressor$StringsProvider           : loaded 2 times (x 70B)

---------------  S Y S T E M  ---------------

OS:
 Windows 11 , 64 bit Build 26100 (10.0.26100.8328)
OS uptime: 2 days 4:15 hours
Hyper-V role detected

CPU: total 12 (initial active 12) (6 cores per cpu, 2 threads per core) family 6 model 154 stepping 4 microcode 0x434, cx8, cmov, fxsr, ht, mmx, 3dnowpref, sse, sse2, sse3, ssse3, sse4.1, sse4.2, popcnt, lzcnt, tsc, tscinvbit, avx, avx2, aes, erms, clmul, bmi1, bmi2, adx, sha, fma, vzeroupper, clflush, clflushopt, clwb, hv, serialize, rdtscp, rdpid, fsrm, f16c, cet_ibt, cet_ss
Processor Information for processor 0
  Max Mhz: 1300, Current Mhz: 1300, Mhz Limit: 1300
Processor Information for processor 1
  Max Mhz: 1300, Current Mhz: 1300, Mhz Limit: 1300
Processor Information for processor 2
  Max Mhz: 1300, Current Mhz: 1300, Mhz Limit: 1300
Processor Information for processor 3
  Max Mhz: 1300, Current Mhz: 1300, Mhz Limit: 1300
Processor Information for processor 4
  Max Mhz: 1300, Current Mhz: 900, Mhz Limit: 897
Processor Information for processor 5
  Max Mhz: 1300, Current Mhz: 900, Mhz Limit: 897
Processor Information for processor 6
  Max Mhz: 1300, Current Mhz: 900, Mhz Limit: 897
Processor Information for processor 7
  Max Mhz: 1300, Current Mhz: 900, Mhz Limit: 897
Processor Information for processor 8
  Max Mhz: 1300, Current Mhz: 900, Mhz Limit: 897
Processor Information for processor 9
  Max Mhz: 1300, Current Mhz: 900, Mhz Limit: 897
Processor Information for processor 10
  Max Mhz: 1300, Current Mhz: 900, Mhz Limit: 897
Processor Information for processor 11
  Max Mhz: 1300, Current Mhz: 900, Mhz Limit: 897

Memory: 4k page, system-wide physical 7885M (366M free)
TotalPageFile size 16077M (AvailPageFile size 14M)
current process WorkingSet (physical memory assigned to process): 259M, peak: 271M
current process commit charge ("private bytes"): 294M, peak: 312M

vm_info: OpenJDK 64-Bit Server VM (21.0.9+-14649483-b1163.86) for windows-amd64 JRE (21.0.9+-14649483-b1163.86), built on 2025-12-30T22:08:35Z by "builder" with MS VC++ 16.10 / 16.11 (VS2019)

END.
